------------------------------------------------------------
TimeQuest Timing Analyzer Summary
------------------------------------------------------------

Type  : Slow 1200mV 85C Model Setup 'C|altpll_0|sd1|pll7|clk[0]'
Slack : 32.067
TNS   : 0.000

Type  : Slow 1200mV 85C Model Hold 'C|altpll_0|sd1|pll7|clk[0]'
Slack : 0.418
TNS   : 0.000

Type  : Slow 1200mV 85C Model Minimum Pulse Width 'CLOCK_24[0]'
Slack : 9.740
TNS   : 0.000

Type  : Slow 1200mV 85C Model Minimum Pulse Width 'C|altpll_0|sd1|pll7|clk[0]'
Slack : 19.619
TNS   : 0.000

Type  : Slow 1200mV 0C Model Setup 'C|altpll_0|sd1|pll7|clk[0]'
Slack : 32.899
TNS   : 0.000

Type  : Slow 1200mV 0C Model Hold 'C|altpll_0|sd1|pll7|clk[0]'
Slack : 0.378
TNS   : 0.000

Type  : Slow 1200mV 0C Model Minimum Pulse Width 'CLOCK_24[0]'
Slack : 9.713
TNS   : 0.000

Type  : Slow 1200mV 0C Model Minimum Pulse Width 'C|altpll_0|sd1|pll7|clk[0]'
Slack : 19.612
TNS   : 0.000

Type  : Fast 1200mV 0C Model Setup 'C|altpll_0|sd1|pll7|clk[0]'
Slack : 35.213
TNS   : 0.000

Type  : Fast 1200mV 0C Model Hold 'C|altpll_0|sd1|pll7|clk[0]'
Slack : 0.222
TNS   : 0.000

Type  : Fast 1200mV 0C Model Minimum Pulse Width 'CLOCK_24[0]'
Slack : 9.425
TNS   : 0.000

Type  : Fast 1200mV 0C Model Minimum Pulse Width 'C|altpll_0|sd1|pll7|clk[0]'
Slack : 19.649
TNS   : 0.000

------------------------------------------------------------
